exports[`withIndexProps adds props to Index component 1`] = `
<Mock
  actions={
    Object {
      "createComment": [Function],
      "fetch": [Function],
      "updateForm": [Function],
    }
  }
  comments={
    Array [
      Object {
        "author": "John",
        "id": 3,
        "text": "Yet another random comment",
      },
      Object {
        "author": "Justin",
        "id": 2,
        "text": "Another random comment",
      },
      Object {
        "author": "Alexey",
        "id": 1,
        "text": "Just some random comment",
      },
    ]
  }
  meta={
    Object {
      "loading": false,
    }
  } />
`;
